10:29:43 **** Incremental Build of configuration Debug for project TFT_Test ****
make all 
Building file: ../src/main.c
Invoking: Cross ARM GNU C Compiler
arm-none-eabi-gcc -mcpu=cortex-m3 -mthumb -Og -fmessage-length=0 -fsigned-char -ffunction-sections -fdata-sections -ffreestanding -fno-move-loop-invariants -Wall -Wextra  -g3 -DDEBUG -DUSE_FULL_ASSERT -DTRACE -DOS_USE_TRACE_SEMIHOSTING_DEBUG -DSTM32F10X_MD -DUSE_STDPERIPH_DRIVER -DHSE_VALUE=8000000 -I"../include" -I"../system/include" -I"../system/include/cmsis" -I"../system/include/stm32f1-stdperiph" -std=gnu11 -Wa,-adhlns="src/main.o.lst" -MMD -MP -MF"src/main.d" -MT"src/main.o" -c -o "src/main.o" "../src/main.c"
Finished building: ../src/main.c
 
Building target: TFT_Test.elf
Invoking: Cross ARM GNU C++ Linker
arm-none-eabi-g++ -mcpu=cortex-m3 -mthumb -Og -fmessage-length=0 -fsigned-char -ffunction-sections -fdata-sections -ffreestanding -fno-move-loop-invariants -Wall -Wextra  -g3 -T mem.ld -T libs.ld -T sections.ld -nostartfiles -Xlinker --gc-sections -L"../ldscripts" -Wl,-Map,"TFT_Test.map" --specs=nano.specs -o "TFT_Test.elf"  ./system/src/stm32f1-stdperiph/misc.o ./system/src/stm32f1-stdperiph/stm32f10x_gpio.o ./system/src/stm32f1-stdperiph/stm32f10x_rcc.o  ./system/src/newlib/_cxx.o ./system/src/newlib/_exit.o ./system/src/newlib/_sbrk.o ./system/src/newlib/_startup.o ./system/src/newlib/_syscalls.o ./system/src/newlib/assert.o  ./system/src/diag/Trace.o ./system/src/diag/trace_impl.o  ./system/src/cortexm/_initialize_hardware.o ./system/src/cortexm/_reset_hardware.o ./system/src/cortexm/exception_handlers.o  ./system/src/cmsis/system_stm32f10x.o ./system/src/cmsis/vectors_stm32f10x.o  ./src/GPIO_program.o ./src/RCC_program.o ./src/SPI_program.o ./src/STK_program.o ./src/TFT_program.o ./src/_write.o ./src/main.o   
Finished building target: TFT_Test.elf
 
Invoking: Cross ARM GNU Create Flash Image
arm-none-eabi-objcopy -O ihex "TFT_Test.elf"  "TFT_Test.hex"
Finished building: TFT_Test.hex
 
Invoking: Cross ARM GNU Print Size
arm-none-eabi-size --format=berkeley "TFT_Test.elf"
   text	   data	    bss	    dec	    hex	filename
  49807	    176	    420	  50403	   c4e3	TFT_Test.elf
Finished building: TFT_Test.siz
 
10:29:54 **** Incremental Build of configuration Debug for project TFT_Test ****
make all 
Invoking: Cross ARM GNU Print Size
arm-none-eabi-size --format=berkeley "TFT_Test.elf"
   text	   data	    bss	    dec	    hex	filename
  49807	    176	    420	  50403	   c4e3	TFT_Test.elf
Finished building: TFT_Test.siz
 
